// Jest Snapshot v1, https://goo.gl/fbAQLP

exports[`<Footer /> component should load the initial state of Footer component 1`] = `"<div class=\\"css-i0nj2g e1hit7w20\\"><div class=\\"css-hzfs9b e1hit7w21\\"><div class=\\"css-d8nsp7 e1hit7w22\\"> Made with<span class=\\"css-1so4oe0 e1hit7w27\\">â™¥</span>on<span class=\\"css-1ie354y e1hit7w24\\"><svg class=\\"e1hit7w25 css-1kgp95j e1hmfdge0\\"><title>Earth</title><use xlink:href=\\"[object Object]#earth\\"></use></svg><span class=\\"css-azf1mg e1hit7w26\\"><svg class=\\"e1hit7w28 css-f1ndto e1hmfdge0\\"><title>Spain</title><use xlink:href=\\"[object Object]#spain\\"></use></svg><svg class=\\"e1hit7w28 css-f1ndto e1hmfdge0\\"><title>Nicaragua</title><use xlink:href=\\"[object Object]#nicaragua\\"></use></svg><svg class=\\"e1hit7w28 css-f1ndto e1hmfdge0\\"><title>India</title><use xlink:href=\\"[object Object]#india\\"></use></svg><svg class=\\"e1hit7w28 css-f1ndto e1hmfdge0\\"><title>Brazil</title><use xlink:href=\\"[object Object]#brazil\\"></use></svg><svg class=\\"e1hit7w28 css-f1ndto e1hmfdge0\\"><title>China</title><use xlink:href=\\"[object Object]#china\\"></use></svg><svg class=\\"e1hit7w28 css-f1ndto e1hmfdge0\\"><title>Austria</title><use xlink:href=\\"[object Object]#austria\\"></use></svg></span></span></div><div class=\\"css-1wbzdyy e1hit7w23\\">Powered by<span class=\\"e1hit7w28 css-i15wza e1hmfdge1\\" title=\\"Verdaccio\\"><img alt=\\"Verdaccio\\" src=\\"[object Object]\\" class=\\"css-1ncdhax e1hmfdge2\\"></span>/ 4.0.0-alpha.3</div></div></div>"`;
